// Jest Snapshot v1, https://goo.gl/fbAQLP

exports[`<Main /> Deveria renderizar corretamente 1`] = `
<View>
  <View>
    <Text>
      00:00
    </Text>
  </View>
  <Text>
    √Ågua: 
    0
  </Text>
  <Text>
    Luz: 
    0
  </Text>
  <View>
    <View
      accessible={true}
      focusable={true}
      onClick={[Function]}
      onResponderGrant={[Function]}
      onResponderMove={[Function]}
      onResponderRelease={[Function]}
      onResponderTerminate={[Function]}
      onResponderTerminationRequest={[Function]}
      onStartShouldSetResponder={[Function]}
      style={
        Object {
          "opacity": 1,
        }
      }
    >
      <Image
        source={1}
      />
    </View>
  </View>
  <View>
    <View
      accessible={true}
      focusable={true}
      onClick={[Function]}
      onResponderGrant={[Function]}
      onResponderMove={[Function]}
      onResponderRelease={[Function]}
      onResponderTerminate={[Function]}
      onResponderTerminationRequest={[Function]}
      onStartShouldSetResponder={[Function]}
      style={
        Object {
          "opacity": 1,
        }
      }
    >
      <Image
        source={1}
      />
    </View>
  </View>
</View>
`;
