// Jest Snapshot v1, https://goo.gl/fbAQLP

exports[`<Clock /> Deveria renderizar corretamente 1`] = `
<View>
  <Text />
</View>
`;
